{"workflow":{"id":{"name":"workflow-id-123"},"interface":{"inputs":{}},"nodes":[{"id":"node-1","taskNode":{"referenceId":{"name":"task-1"}}},{"id":"node-2","taskNode":{"referenceId":{"name":"task-2"}}}]},"tasks":[{"id":{"name":"task-1"},"interface":{"inputs":{}},"container":{"image":"myflyteimage:latest","command":["execute-task"],"args":["testArg"]}},{"id":{"name":"task-2"},"interface":{"inputs":{}},"container":{"image":"myflyteimage:latest","command":["execute-task"],"args":["testArg"]}}]}